[2026-01-07 07:26:08] 
======================================================================
[2026-01-07 07:26:08] 🤖 AUTO-TRAINER: Daily Model Update Starting
[2026-01-07 07:26:08] ======================================================================
[2026-01-07 07:26:08] ✅ Backed up models to D:\CODE\Gold-Trade\python_model\model_backups\backup_20260107_072608
[2026-01-07 07:26:08] 
📊 Training 15m...
[2026-01-07 07:26:11] ❌ Error preparing data: Data must be 1-dimensional, got ndarray of shape (4350, 1) instead
[2026-01-07 07:26:11]   ❌ Insufficient data
[2026-01-07 07:26:11] 
📊 Training 30m...
[2026-01-07 07:26:13] ❌ Error preparing data: Data must be 1-dimensional, got ndarray of shape (2175, 1) instead
[2026-01-07 07:26:13]   ❌ Insufficient data
[2026-01-07 07:26:13] 
📊 Training 1h...
[2026-01-07 07:26:15] ❌ Error preparing data: Data must be 1-dimensional, got ndarray of shape (13721, 1) instead
[2026-01-07 07:26:15]   ❌ Insufficient data
[2026-01-07 07:26:15] 
📊 Training 4h...
[2026-01-07 07:26:17] ❌ Error preparing data: Data must be 1-dimensional, got ndarray of shape (13721, 1) instead
[2026-01-07 07:26:17]   ❌ Insufficient data
[2026-01-07 07:26:17] 
📊 Training 1d...
[2026-01-07 07:26:19] ❌ Error preparing data: Data must be 1-dimensional, got ndarray of shape (6361, 1) instead
[2026-01-07 07:26:19]   ❌ Insufficient data
[2026-01-07 07:26:19] 
======================================================================
[2026-01-07 07:26:19] DAILY TRAINING SUMMARY
[2026-01-07 07:26:19] ======================================================================
[2026-01-07 07:26:19] 15m  : FAILED ❌
[2026-01-07 07:26:19] 30m  : FAILED ❌
[2026-01-07 07:26:19] 1h   : FAILED ❌
[2026-01-07 07:26:19] 4h   : FAILED ❌
[2026-01-07 07:26:19] 1d   : FAILED ❌
[2026-01-07 07:26:19] 
✅ Deployed 0/5 models
[2026-01-07 07:26:19] Completed: 2026-01-07 07:26:19

[2026-01-07 07:27:38] 
======================================================================
[2026-01-07 07:27:38] 🤖 AUTO-TRAINER: Daily Model Update Starting
[2026-01-07 07:27:38] ======================================================================
[2026-01-07 07:27:38] ✅ Backed up models to D:\CODE\Gold-Trade\python_model\model_backups\backup_20260107_072738
[2026-01-07 07:27:38] 
📊 Training 15m...
[2026-01-07 07:27:41]   ✓ Prepared 4151 samples
[2026-01-07 07:27:44]   ✓ Model trained
[2026-01-07 07:27:44]   📈 New Metrics - F1: 0.6802, Prec: 0.5170, Recall: 0.9938
[2026-01-07 07:27:44]   ✅ 15m: No old model, deploying new one
[2026-01-07 07:27:44]   💾 Saved new 15m model
[2026-01-07 07:27:44] 
📊 Training 30m...
[2026-01-07 07:27:45]   ✓ Prepared 1976 samples
[2026-01-07 07:27:46]   ✓ Model trained
[2026-01-07 07:27:46]   📈 New Metrics - F1: 0.6974, Prec: 0.5354, Recall: 1.0000
[2026-01-07 07:27:46]   ✅ 30m: No old model, deploying new one
[2026-01-07 07:27:46]   💾 Saved new 30m model
[2026-01-07 07:27:46] 
📊 Training 1h...
[2026-01-07 07:27:48]   ✓ Prepared 13522 samples
[2026-01-07 07:27:48]   ✓ Model trained
[2026-01-07 07:27:48]   📈 New Metrics - F1: 0.1159, Prec: 0.5338, Recall: 0.0650
[2026-01-07 07:27:48]   ✅ 1h: No old model, deploying new one
[2026-01-07 07:27:48]   💾 Saved new 1h model
[2026-01-07 07:27:48] 
📊 Training 4h...
[2026-01-07 07:27:51]   ✓ Prepared 13522 samples
[2026-01-07 07:27:51]   ✓ Model trained
[2026-01-07 07:27:51]   📈 New Metrics - F1: 0.2365, Prec: 0.5559, Recall: 0.1502
[2026-01-07 07:27:51]   ✅ 4h: No old model, deploying new one
[2026-01-07 07:27:51]   💾 Saved new 4h model
[2026-01-07 07:27:51] 
📊 Training 1d...
[2026-01-07 07:27:54]   ✓ Prepared 6162 samples
[2026-01-07 07:27:54]   ✓ Model trained
[2026-01-07 07:27:54]   📈 New Metrics - F1: 0.7099, Prec: 0.5503, Recall: 1.0000
[2026-01-07 07:27:54]   ✅ 1d: No old model, deploying new one
[2026-01-07 07:27:54]   💾 Saved new 1d model
[2026-01-07 07:27:54] 
======================================================================
[2026-01-07 07:27:54] DAILY TRAINING SUMMARY
[2026-01-07 07:27:54] ======================================================================
[2026-01-07 07:27:54] 15m  : DEPLOYED ✅
[2026-01-07 07:27:54] 30m  : DEPLOYED ✅
[2026-01-07 07:27:54] 1h   : DEPLOYED ✅
[2026-01-07 07:27:54] 4h   : DEPLOYED ✅
[2026-01-07 07:27:54] 1d   : DEPLOYED ✅
[2026-01-07 07:27:54] 
✅ Deployed 5/5 models
[2026-01-07 07:27:54] Completed: 2026-01-07 07:27:54

[2026-06-01 15:12:10] 
======================================================================
[2026-06-01 15:12:10] 🤖 AUTO-TRAINER: Daily Model Update Starting
[2026-06-01 15:12:10] ======================================================================
[2026-06-01 15:12:10] ✅ Backed up models to /Users/developer/Documents/FxSave/python_model/model_backups/backup_20260601_151210
[2026-06-01 15:12:10] 
📊 Training 15m...
[2026-06-01 15:12:13]   ✓ Prepared 4200 samples
[2026-06-01 15:12:13]   ✓ Model trained
[2026-06-01 15:12:13]   📈 New Metrics - F1: 0.3563, Prec: 0.5634, Recall: 0.2606
[2026-06-01 15:12:13]   📊 Old Metrics - F1: 0.6802, Prec: 0.5170
[2026-06-01 15:12:13]   ❌ 15m: Regression -0.3238 F1, keeping old model
[2026-06-01 15:12:13] 
📊 Training 30m...
[2026-06-01 15:12:14]   ✓ Prepared 2001 samples
[2026-06-01 15:12:14]   ✓ Model trained
[2026-06-01 15:12:14]   📈 New Metrics - F1: 0.5097, Prec: 0.4847, Recall: 0.5374
[2026-06-01 15:12:14]   📊 Old Metrics - F1: 0.6974, Prec: 0.5354
[2026-06-01 15:12:14]   ❌ 30m: Regression -0.1877 F1, keeping old model
[2026-06-01 15:12:14] 
📊 Training 1h...
[2026-06-01 15:12:18]   ✓ Prepared 13493 samples
[2026-06-01 15:12:18]   ✓ Model trained
[2026-06-01 15:12:18]   📈 New Metrics - F1: 0.6669, Prec: 0.5025, Recall: 0.9912
[2026-06-01 15:12:18]   📊 Old Metrics - F1: 0.1159, Prec: 0.5338
[2026-06-01 15:12:18]   ✅ 1h: Improvement +0.5510 F1, DEPLOY NEW MODEL
[2026-06-01 15:12:18]   💾 Saved new 1h model
[2026-06-01 15:12:18] 
📊 Training 4h...
[2026-06-01 15:12:19]   ✓ Prepared 13493 samples
[2026-06-01 15:12:20]   ✓ Model trained
[2026-06-01 15:12:20]   📈 New Metrics - F1: 0.6697, Prec: 0.5035, Recall: 1.0000
[2026-06-01 15:12:20]   📊 Old Metrics - F1: 0.2365, Prec: 0.5559
[2026-06-01 15:12:20]   ✅ 4h: Improvement +0.4333 F1, DEPLOY NEW MODEL
[2026-06-01 15:12:20]   💾 Saved new 4h model
[2026-06-01 15:12:20] 
📊 Training 1d...
[2026-06-01 15:12:22]   ✓ Prepared 6262 samples
[2026-06-01 15:12:22]   ✓ Model trained
[2026-06-01 15:12:22]   📈 New Metrics - F1: 0.7114, Prec: 0.5527, Recall: 0.9981
[2026-06-01 15:12:22]   📊 Old Metrics - F1: 0.7099, Prec: 0.5503
[2026-06-01 15:12:22]   ⚠️  1d: Change 0.0015 F1 (≤0.01), keeping old
[2026-06-01 15:12:22] 
======================================================================
[2026-06-01 15:12:22] DAILY TRAINING SUMMARY
[2026-06-01 15:12:22] ======================================================================
[2026-06-01 15:12:22] 15m  : SKIPPED ⏭️
[2026-06-01 15:12:22] 30m  : SKIPPED ⏭️
[2026-06-01 15:12:22] 1h   : DEPLOYED ✅
[2026-06-01 15:12:22] 4h   : DEPLOYED ✅
[2026-06-01 15:12:22] 1d   : SKIPPED ⏭️
[2026-06-01 15:12:22] 
✅ Deployed 2/5 models
[2026-06-01 15:12:22] Completed: 2026-06-01 15:12:22

